
Memory Configuration

Name             Origin             Length             Attributes
*default*        0x00000000         0xffffffff

Linker script and memory map

Address of section .text set to 0x1000
LOAD src/boot/CMakeFiles/kernel_entry.dir/kernel_entry.asm.o
LOAD src/kernel/CMakeFiles/kernel.dir/src/cpu/idt.c.o
LOAD src/kernel/CMakeFiles/kernel.dir/src/cpu/isr.c.o
LOAD src/kernel/CMakeFiles/kernel.dir/src/cpu/ports.c.o
LOAD src/kernel/CMakeFiles/kernel.dir/src/cpu/timer.c.o
LOAD src/kernel/CMakeFiles/kernel.dir/src/drivers/keyboard.c.o
LOAD src/kernel/CMakeFiles/kernel.dir/src/drivers/vga.c.o
LOAD src/kernel/CMakeFiles/kernel.dir/src/kernel.c.o
LOAD src/kernel/CMakeFiles/kernel.dir/src/term.c.o
LOAD src/kernel/CMakeFiles/kernel.dir/src/libc/intern/block.c.o
LOAD src/kernel/CMakeFiles/kernel.dir/src/libc/intern/page.c.o
LOAD src/kernel/CMakeFiles/kernel.dir/src/libc/mem.c.o
LOAD src/kernel/CMakeFiles/kernel.dir/src/libc/stdio.c.o
LOAD src/kernel/CMakeFiles/kernel.dir/src/libc/string.c.o
LOAD src/kernel/CMakeFiles/interrupt.dir/src/cpu/interrupt.asm.o
                [!provide]                        PROVIDE (__executable_start = SEGMENT_START ("text-segment", 0x8048000))
                0x08048000                        . = (SEGMENT_START ("text-segment", 0x8048000) + SIZEOF_HEADERS)

.interp
 *(.interp)

.note.gnu.build-id
 *(.note.gnu.build-id)

.hash
 *(.hash)

.gnu.hash
 *(.gnu.hash)

.dynsym
 *(.dynsym)

.dynstr
 *(.dynstr)

.gnu.version
 *(.gnu.version)

.gnu.version_d
 *(.gnu.version_d)

.gnu.version_r
 *(.gnu.version_r)

.rel.dyn
 *(.rel.init)
 *(.rel.text .rel.text.* .rel.gnu.linkonce.t.*)
 *(.rel.fini)
 *(.rel.rodata .rel.rodata.* .rel.gnu.linkonce.r.*)
 *(.rel.data.rel.ro .rel.data.rel.ro.* .rel.gnu.linkonce.d.rel.ro.*)
 *(.rel.data .rel.data.* .rel.gnu.linkonce.d.*)
 *(.rel.tdata .rel.tdata.* .rel.gnu.linkonce.td.*)
 *(.rel.tbss .rel.tbss.* .rel.gnu.linkonce.tb.*)
 *(.rel.ctors)
 *(.rel.dtors)
 *(.rel.got)
 *(.rel.bss .rel.bss.* .rel.gnu.linkonce.b.*)
 *(.rel.ifunc)

.rel.plt        0x08048000        0x0
 *(.rel.plt)
                [!provide]                        PROVIDE (__rel_iplt_start = .)
 *(.rel.iplt)
                [!provide]                        PROVIDE (__rel_iplt_end = .)

.relr.dyn
 *(.relr.dyn)

.init
 *(SORT_NONE(.init))

.plt
 *(.plt)
 *(.iplt)

.plt.got
 *(.plt.got)

.plt.sec
 *(.plt.sec)

.text           0x00001000     0x2029
 *(.text.unlikely .text.*_unlikely .text.unlikely.*)
 *(.text.exit .text.exit.*)
 *(.text.startup .text.startup.*)
 *(.text.hot .text.hot.*)
 *(SORT_BY_NAME(.text.sorted.*))
 *(.text .stub .text.* .gnu.linkonce.t.*)
 .text          0x00001000        0x7 src/boot/CMakeFiles/kernel_entry.dir/kernel_entry.asm.o
                0x00001000                __start
 .text          0x00001007       0x69 src/kernel/CMakeFiles/kernel.dir/src/cpu/idt.c.o
                0x00001007                set_idt_gate
                0x0000104f                set_idt
 .text          0x00001070      0x519 src/kernel/CMakeFiles/kernel.dir/src/cpu/isr.c.o
                0x00001070                isr_install
                0x000014b3                isr_handler
                0x000014db                register_interrupt_handler
                0x000014f8                irq_handler
                0x0000156d                irq_install
 .text          0x00001589       0x79 src/kernel/CMakeFiles/kernel.dir/src/cpu/ports.c.o
                0x00001589                port_byte_in
                0x000015a4                port_byte_out
                0x000015c3                port_word_in
                0x000015e1                port_word_out
 .text          0x00001602       0x7e src/kernel/CMakeFiles/kernel.dir/src/cpu/timer.c.o
                0x00001613                init_timer
 .text          0x00001680      0x58b src/kernel/CMakeFiles/kernel.dir/src/drivers/keyboard.c.o
                0x000016ce                init_keyboard
                0x000016e9                print_letter
 .text          0x00001c0b       0xf2 src/kernel/CMakeFiles/kernel.dir/src/drivers/vga.c.o
                0x00001c0b                vga_clear
                0x00001c5f                vga_put
                0x00001ca0                vga_row
                0x00001cbb                vga_col
                0x00001ce4                vga_index
 .text          0x00001cfd      0x26c src/kernel/CMakeFiles/kernel.dir/src/kernel.c.o
                0x00001cfd                test1
                0x00001d39                test2
                0x00001d66                test3
                0x00001dae                test4
                0x00001e24                cursor
                0x00001e63                test_interrupt
                0x00001e74                demo
                0x00001f4c                kernel_main
 .text          0x00001f69      0x31f src/kernel/CMakeFiles/kernel.dir/src/term.c.o
                0x00001f69                term_init
                0x00001f8d                term_cursor_row
                0x00001fa6                term_cursor_col
                0x00001fbf                term_cursor
                0x00001ffd                term_cursor_hide
                0x0000202a                term_cursor_show
                0x000020ab                term_color
                0x000020c2                term_putc
                0x00002171                term_print
 .text          0x00002288       0x6f src/kernel/CMakeFiles/kernel.dir/src/libc/intern/block.c.o
                0x00002288                block_init
                0x000022d0                block_page
 .text          0x000022f7      0x10c src/kernel/CMakeFiles/kernel.dir/src/libc/intern/page.c.o
                0x000022f7                page_init
                0x00002316                page_address
                0x00002323                page_index
                0x00002332                page_set_index
                0x00002364                page_set_address
                0x00002394                page_used
                0x000023a9                page_set_used
                0x000023c0                page_set_free
                0x000023ee                page_assigned
 .text          0x00002403       0x35 src/kernel/CMakeFiles/kernel.dir/src/libc/mem.c.o
                0x00002409                malloc
                0x0000242c                realloc
                0x00002432                free
 .text          0x00002438      0x869 src/kernel/CMakeFiles/kernel.dir/src/libc/stdio.c.o
                0x00002465                itoa
                0x00002551                puts
                0x00002567                putc
                0x000025b5                puti
                0x0000268e                putu
                0x000029ea                printf
 .text          0x00002ca1      0x178 src/kernel/CMakeFiles/kernel.dir/src/libc/string.c.o
                0x00002ca1                memcmp
                0x00002cf8                memcpy
                0x00002d39                memmove
                0x00002dba                memset
                0x00002df3                strlen
 *fill*         0x00002e19        0x7 
 .text          0x00002e20      0x209 src/kernel/CMakeFiles/interrupt.dir/src/cpu/interrupt.asm.o
                0x00002e6a                isr0
                0x00002e71                isr1
                0x00002e78                isr2
                0x00002e7f                isr3
                0x00002e86                isr4
                0x00002e8d                isr5
                0x00002e94                isr6
                0x00002e9b                isr7
                0x00002ea5                isr8
                0x00002ead                isr9
                0x00002eb7                isr10
                0x00002ebf                isr11
                0x00002ec7                isr12
                0x00002ecf                isr13
                0x00002ed7                isr14
                0x00002edf                isr15
                0x00002ee9                isr16
                0x00002ef3                isr17
                0x00002efd                isr18
                0x00002f07                isr19
                0x00002f11                isr20
                0x00002f1b                isr21
                0x00002f25                isr22
                0x00002f2f                isr23
                0x00002f39                isr24
                0x00002f43                isr25
                0x00002f4d                isr26
                0x00002f57                isr27
                0x00002f61                isr28
                0x00002f6b                isr29
                0x00002f75                isr30
                0x00002f7f                isr31
                0x00002f89                irq0
                0x00002f93                irq1
                0x00002f9d                irq2
                0x00002fa7                irq3
                0x00002fb1                irq4
                0x00002fbb                irq5
                0x00002fc5                irq6
                0x00002fcf                irq7
                0x00002fd9                irq8
                0x00002fe3                irq9
                0x00002fed                irq10
                0x00002ff7                irq11
                0x00003001                irq12
                0x0000300b                irq13
                0x00003015                irq14
                0x0000301f                irq15
 *(.gnu.warning)

.fini
 *(SORT_NONE(.fini))
                [!provide]                        PROVIDE (__etext = .)
                [!provide]                        PROVIDE (_etext = .)
                [!provide]                        PROVIDE (etext = .)

.rodata         0x0000302c      0x640
 *(.rodata .rodata.* .gnu.linkonce.r.*)
 .rodata        0x0000302c      0x157 src/kernel/CMakeFiles/kernel.dir/src/cpu/isr.c.o
 *fill*         0x00003183        0x1 
 .rodata        0x00003184      0x1c8 src/kernel/CMakeFiles/kernel.dir/src/drivers/keyboard.c.o
 .rodata        0x0000334c      0x1bf src/kernel/CMakeFiles/kernel.dir/src/kernel.c.o
 *fill*         0x0000350b        0x1 
 .rodata        0x0000350c      0x160 src/kernel/CMakeFiles/kernel.dir/src/libc/stdio.c.o

.rodata1
 *(.rodata1)

.eh_frame_hdr
 *(.eh_frame_hdr)
 *(.eh_frame_entry .eh_frame_entry.*)

.eh_frame
 *(.eh_frame)
 *(.eh_frame.*)

.sframe
 *(.sframe)
 *(.sframe.*)

.gcc_except_table
 *(.gcc_except_table .gcc_except_table.*)

.gnu_extab
 *(.gnu_extab*)

.exception_ranges
 *(.exception_ranges*)
                0x00004000                        . = DATA_SEGMENT_ALIGN (CONSTANT (MAXPAGESIZE), CONSTANT (COMMONPAGESIZE))

.eh_frame
 *(.eh_frame)
 *(.eh_frame.*)

.sframe
 *(.sframe)
 *(.sframe.*)

.gnu_extab
 *(.gnu_extab)

.gcc_except_table
 *(.gcc_except_table .gcc_except_table.*)

.exception_ranges
 *(.exception_ranges*)

.tdata          0x00004000        0x0
                [!provide]                        PROVIDE (__tdata_start = .)
 *(.tdata .tdata.* .gnu.linkonce.td.*)

.tbss
 *(.tbss .tbss.* .gnu.linkonce.tb.*)
 *(.tcommon)

.preinit_array  0x00004000        0x0
                [!provide]                        PROVIDE (__preinit_array_start = .)
 *(.preinit_array)
                [!provide]                        PROVIDE (__preinit_array_end = .)

.init_array     0x00004000        0x0
                [!provide]                        PROVIDE (__init_array_start = .)
 *(SORT_BY_INIT_PRIORITY(.init_array.*) SORT_BY_INIT_PRIORITY(.ctors.*))
 *(.init_array EXCLUDE_FILE(*crtend?.o *crtend.o *crtbegin?.o *crtbegin.o) .ctors)
                [!provide]                        PROVIDE (__init_array_end = .)

.fini_array     0x00004000        0x0
                [!provide]                        PROVIDE (__fini_array_start = .)
 *(SORT_BY_INIT_PRIORITY(.fini_array.*) SORT_BY_INIT_PRIORITY(.dtors.*))
 *(.fini_array EXCLUDE_FILE(*crtend?.o *crtend.o *crtbegin?.o *crtbegin.o) .dtors)
                [!provide]                        PROVIDE (__fini_array_end = .)

.ctors
 *crtbegin.o(.ctors)
 *crtbegin?.o(.ctors)
 *(EXCLUDE_FILE(*crtend?.o *crtend.o) .ctors)
 *(SORT_BY_NAME(.ctors.*))
 *(.ctors)

.dtors
 *crtbegin.o(.dtors)
 *crtbegin?.o(.dtors)
 *(EXCLUDE_FILE(*crtend?.o *crtend.o) .dtors)
 *(SORT_BY_NAME(.dtors.*))
 *(.dtors)

.jcr
 *(.jcr)

.data.rel.ro
 *(.data.rel.ro.local* .gnu.linkonce.d.rel.ro.local.*)
 *(.data.rel.ro .data.rel.ro.* .gnu.linkonce.d.rel.ro.*)

.dynamic
 *(.dynamic)

.got
 *(.got)
 *(.igot)
                0x00004000                        . = DATA_SEGMENT_RELRO_END (., (SIZEOF (.got.plt) >= 0xc)?0xc:0x0)

.got.plt
 *(.got.plt)
 *(.igot.plt)

.data           0x00004000       0x84
 *(.data .data.* .gnu.linkonce.d.*)
 .data          0x00004000        0x0 src/kernel/CMakeFiles/kernel.dir/src/cpu/idt.c.o
 .data          0x00004000       0x80 src/kernel/CMakeFiles/kernel.dir/src/cpu/isr.c.o
                0x00004000                exception_messages
 .data          0x00004080        0x0 src/kernel/CMakeFiles/kernel.dir/src/cpu/ports.c.o
 .data          0x00004080        0x0 src/kernel/CMakeFiles/kernel.dir/src/cpu/timer.c.o
 .data          0x00004080        0x0 src/kernel/CMakeFiles/kernel.dir/src/drivers/keyboard.c.o
 .data          0x00004080        0x0 src/kernel/CMakeFiles/kernel.dir/src/drivers/vga.c.o
 .data          0x00004080        0x0 src/kernel/CMakeFiles/kernel.dir/src/kernel.c.o
 .data          0x00004080        0x0 src/kernel/CMakeFiles/kernel.dir/src/term.c.o
 .data          0x00004080        0x0 src/kernel/CMakeFiles/kernel.dir/src/libc/intern/block.c.o
 .data          0x00004080        0x0 src/kernel/CMakeFiles/kernel.dir/src/libc/intern/page.c.o
 .data          0x00004080        0x4 src/kernel/CMakeFiles/kernel.dir/src/libc/mem.c.o
                0x00004080                free_mem_addr
 .data          0x00004084        0x0 src/kernel/CMakeFiles/kernel.dir/src/libc/stdio.c.o
 .data          0x00004084        0x0 src/kernel/CMakeFiles/kernel.dir/src/libc/string.c.o

.data1
 *(.data1)
                0x00004084                        _edata = .
                [!provide]                        PROVIDE (edata = .)
                0x00004084                        . = .
                0x00004084                        __bss_start = .

.bss            0x000040a0      0xc2c
 *(.dynbss)
 *(.bss .bss.* .gnu.linkonce.b.*)
 .bss           0x000040a0      0x806 src/kernel/CMakeFiles/kernel.dir/src/cpu/idt.c.o
                0x000040a0                idt
                0x000048a0                idt_reg
 *fill*         0x000048a6       0x1a 
 .bss           0x000048c0      0x400 src/kernel/CMakeFiles/kernel.dir/src/cpu/isr.c.o
                0x000048c0                interrupt_handlers
 .bss           0x00004cc0        0x0 src/kernel/CMakeFiles/kernel.dir/src/cpu/ports.c.o
 .bss           0x00004cc0        0x4 src/kernel/CMakeFiles/kernel.dir/src/cpu/timer.c.o
                0x00004cc0                tick
 .bss           0x00004cc4        0x0 src/kernel/CMakeFiles/kernel.dir/src/drivers/keyboard.c.o
 .bss           0x00004cc4        0x0 src/kernel/CMakeFiles/kernel.dir/src/drivers/vga.c.o
 .bss           0x00004cc4        0x0 src/kernel/CMakeFiles/kernel.dir/src/kernel.c.o
 .bss           0x00004cc4        0x5 src/kernel/CMakeFiles/kernel.dir/src/term.c.o
 .bss           0x00004cc9        0x0 src/kernel/CMakeFiles/kernel.dir/src/libc/intern/block.c.o
 .bss           0x00004cc9        0x0 src/kernel/CMakeFiles/kernel.dir/src/libc/intern/page.c.o
 .bss           0x00004cc9        0x0 src/kernel/CMakeFiles/kernel.dir/src/libc/mem.c.o
 .bss           0x00004cc9        0x0 src/kernel/CMakeFiles/kernel.dir/src/libc/stdio.c.o
 .bss           0x00004cc9        0x0 src/kernel/CMakeFiles/kernel.dir/src/libc/string.c.o
 *(COMMON)
                0x00004ccc                        . = ALIGN ((. != 0x0)?0x4:0x1)
 *fill*         0x00004cc9        0x3 
                0x00004ccc                        . = ALIGN (0x4)
                0x00004ccc                        . = SEGMENT_START ("ldata-segment", .)
                0x00004ccc                        . = ALIGN (0x4)
                0x00004ccc                        _end = .
                [!provide]                        PROVIDE (end = .)
                0x00004ccc                        . = DATA_SEGMENT_END (.)

.stab
 *(.stab)

.stabstr
 *(.stabstr)

.stab.excl
 *(.stab.excl)

.stab.exclstr
 *(.stab.exclstr)

.stab.index
 *(.stab.index)

.stab.indexstr
 *(.stab.indexstr)

.comment        0x00000000       0xf7
 *(.comment)
 .comment       0x00000000       0x13 src/kernel/CMakeFiles/kernel.dir/src/cpu/idt.c.o
 .comment       0x00000013       0x13 src/kernel/CMakeFiles/kernel.dir/src/cpu/isr.c.o
 .comment       0x00000026       0x13 src/kernel/CMakeFiles/kernel.dir/src/cpu/ports.c.o
 .comment       0x00000039       0x13 src/kernel/CMakeFiles/kernel.dir/src/cpu/timer.c.o
 .comment       0x0000004c       0x13 src/kernel/CMakeFiles/kernel.dir/src/drivers/keyboard.c.o
 .comment       0x0000005f       0x13 src/kernel/CMakeFiles/kernel.dir/src/drivers/vga.c.o
 .comment       0x00000072       0x13 src/kernel/CMakeFiles/kernel.dir/src/kernel.c.o
 .comment       0x00000085       0x13 src/kernel/CMakeFiles/kernel.dir/src/term.c.o
 .comment       0x00000098       0x13 src/kernel/CMakeFiles/kernel.dir/src/libc/intern/block.c.o
 .comment       0x000000ab       0x13 src/kernel/CMakeFiles/kernel.dir/src/libc/intern/page.c.o
 .comment       0x000000be       0x13 src/kernel/CMakeFiles/kernel.dir/src/libc/mem.c.o
 .comment       0x000000d1       0x13 src/kernel/CMakeFiles/kernel.dir/src/libc/stdio.c.o
 .comment       0x000000e4       0x13 src/kernel/CMakeFiles/kernel.dir/src/libc/string.c.o

.gnu.build.attributes
 *(.gnu.build.attributes .gnu.build.attributes.*)

.debug
 *(.debug)

.line
 *(.line)

.debug_srcinfo
 *(.debug_srcinfo)

.debug_sfnames
 *(.debug_sfnames)

.debug_aranges
 *(.debug_aranges)

.debug_pubnames
 *(.debug_pubnames)

.debug_info
 *(.debug_info .gnu.linkonce.wi.*)

.debug_abbrev
 *(.debug_abbrev)

.debug_line
 *(.debug_line .debug_line.* .debug_line_end)

.debug_frame
 *(.debug_frame)

.debug_str
 *(.debug_str)

.debug_loc
 *(.debug_loc)

.debug_macinfo
 *(.debug_macinfo)

.debug_weaknames
 *(.debug_weaknames)

.debug_funcnames
 *(.debug_funcnames)

.debug_typenames
 *(.debug_typenames)

.debug_varnames
 *(.debug_varnames)

.debug_pubtypes
 *(.debug_pubtypes)

.debug_ranges
 *(.debug_ranges)

.debug_addr
 *(.debug_addr)

.debug_line_str
 *(.debug_line_str)

.debug_loclists
 *(.debug_loclists)

.debug_macro
 *(.debug_macro)

.debug_names
 *(.debug_names)

.debug_rnglists
 *(.debug_rnglists)

.debug_str_offsets
 *(.debug_str_offsets)

.debug_sup
 *(.debug_sup)

.gnu.attributes
 *(.gnu.attributes)

/DISCARD/
 *(.note.GNU-stack)
 *(.gnu_debuglink)
 *(.gnu.lto_*)
OUTPUT(src/libkernel.bin.a binary)
